C51 COMPILER V9.60.7.0   DIG                                                               02/22/2023 16:59:18 PAGE 1   


C51 COMPILER V9.60.7.0, COMPILATION OF MODULE DIG
OBJECT MODULE PLACED IN .\Objects\dig.obj
COMPILER INVOKED BY: C:\soft\keil\C51\BIN\C51.EXE dig.c OPTIMIZE(8,SPEED) BROWSE DEBUG OBJECTEXTEND PRINT(.\Listings\dig
                    -.lst) TABS(2) OBJECT(.\Objects\dig.obj)

line level    source

   1          #include <STC89C5xRC.H>
   2          sbit DU=P2^6; //段选p26
   3          sbit WE=P2^7; //位选p27
   4          sbit PO0=P0^0;
   5          void Delay5ms()   //@11.0592MHz
   6          {
   7   1        unsigned char i, j;
   8   1      
   9   1        i = 9;
  10   1        j = 244;
  11   1        do
  12   1        {
  13   2          while (--j);
  14   2        } while (--i);
  15   1      }
  16          
  17          //数码管段选表
  18          unsigned char code leddata[]={ 
  19                          0x3F,  //"0"
  20                          0x06,  //"1"
  21                          0x5B,  //"2"
  22                          0x4F,  //"3"
  23                          0x66,  //"4"
  24                          0x6D,  //"5"
  25                          0x7D,  //"6"
  26                          0x07,  //"7"
  27                          0x7F,  //"8"
  28                          0x6F,  //"9"
  29                          0x77,  //"A"
  30                          0x7C,  //"B"
  31                          0x39,  //"C"
  32                          0x5E,  //"D"
  33                          0x79,  //"E"
  34                          0x71,  //"F"
  35                          0x76,  //"H"
  36                          0x38,  //"L"
  37                          0x37,  //"n"
  38                          0x3E,  //"u"
  39                          0x73,  //"P"
  40                          0x5C,  //"o"
  41                          0x40,  //"-"
  42                          0x00,  //熄灭
  43                          0x00  //自定义
  44           };
  45          void display(unsigned int i){
  46   1        unsigned int bai=i/100;
  47   1        unsigned int shi=i%100/10;
  48   1        unsigned int ge=i%10;
  49   1        P0=0xFF; //清除断码
  50   1        WE=1; //位选开启
  51   1        P0=0xFE; //选择第一个数码管1111 1110 14
  52   1        WE=0; //位选关闭
  53   1        DU=1; //段选开启
  54   1        P0=leddata[bai]; //显示数字1
C51 COMPILER V9.60.7.0   DIG                                                               02/22/2023 16:59:18 PAGE 2   

  55   1        DU=0; //段选锁存器关闭
  56   1        
  57   1        Delay5ms();
  58   1        P0=0xFF; //清除断码
  59   1        WE=1; //位选开启
  60   1        P0=0xFD; //选择第二个数码管1111 1101 8+4+1 13
  61   1        WE=0; //位选关闭
  62   1        DU=1; //段选开启
  63   1        P0=leddata[shi]; //显示数字2
  64   1        DU=0; //段选锁存器关闭
  65   1        
  66   1        Delay5ms();
  67   1        P0=0xFF; //清除断码
  68   1        WE=1; //位选开启
  69   1        P0=0xFB; //选择第二个数码管1111 1011 8+2+1 11
  70   1        WE=0; //位选关闭
  71   1        DU=1; //段选开启
  72   1        P0=leddata[ge]; //显示数字3
  73   1        DU=0; //段选锁存器关闭
  74   1        Delay5ms();
  75   1      }
  76          
  77          void main(){
  78   1        while(1){
  79   2          display(321);
  80   2        }
  81   1      }


MODULE INFORMATION:   STATIC OVERLAYABLE
   CODE SIZE        =    167    ----
   CONSTANT SIZE    =     25    ----
   XDATA SIZE       =   ----    ----
   PDATA SIZE       =   ----    ----
   DATA SIZE        =   ----       2
   IDATA SIZE       =   ----    ----
   BIT SIZE         =   ----    ----
END OF MODULE INFORMATION.


C51 COMPILATION COMPLETE.  0 WARNING(S),  0 ERROR(S)
